###############################################################################
#
# IAR ELF Linker V8.32.3.193/W32 for ARM                  25/Mar/2024  14:56:49
# Copyright 2007-2019 IAR Systems AB.
#
#    Output file  =  
#        d:\Users\zhan.xie\Desktop\LED_test\led_test\EWARM\led_test\Exe\led_test.out
#    Map file     =  
#        d:\Users\zhan.xie\Desktop\LED_test\led_test\EWARM\led_test\List\led_test.map
#    Command line =  
#        -f C:\Users\zhan.xie\AppData\Local\Temp\EW81E0.tmp
#        (d:\Users\zhan.xie\Desktop\LED_test\led_test\EWARM\led_test\Obj\dma.o
#        d:\Users\zhan.xie\Desktop\LED_test\led_test\EWARM\led_test\Obj\gpio.o
#        d:\Users\zhan.xie\Desktop\LED_test\led_test\EWARM\led_test\Obj\main.o
#        d:\Users\zhan.xie\Desktop\LED_test\led_test\EWARM\led_test\Obj\startup_stm32f103xe.o
#        d:\Users\zhan.xie\Desktop\LED_test\led_test\EWARM\led_test\Obj\stm32f1xx_hal.o
#        d:\Users\zhan.xie\Desktop\LED_test\led_test\EWARM\led_test\Obj\stm32f1xx_hal_cortex.o
#        d:\Users\zhan.xie\Desktop\LED_test\led_test\EWARM\led_test\Obj\stm32f1xx_hal_dma.o
#        d:\Users\zhan.xie\Desktop\LED_test\led_test\EWARM\led_test\Obj\stm32f1xx_hal_exti.o
#        d:\Users\zhan.xie\Desktop\LED_test\led_test\EWARM\led_test\Obj\stm32f1xx_hal_flash.o
#        d:\Users\zhan.xie\Desktop\LED_test\led_test\EWARM\led_test\Obj\stm32f1xx_hal_flash_ex.o
#        d:\Users\zhan.xie\Desktop\LED_test\led_test\EWARM\led_test\Obj\stm32f1xx_hal_gpio.o
#        d:\Users\zhan.xie\Desktop\LED_test\led_test\EWARM\led_test\Obj\stm32f1xx_hal_gpio_ex.o
#        d:\Users\zhan.xie\Desktop\LED_test\led_test\EWARM\led_test\Obj\stm32f1xx_hal_msp.o
#        d:\Users\zhan.xie\Desktop\LED_test\led_test\EWARM\led_test\Obj\stm32f1xx_hal_pwr.o
#        d:\Users\zhan.xie\Desktop\LED_test\led_test\EWARM\led_test\Obj\stm32f1xx_hal_rcc.o
#        d:\Users\zhan.xie\Desktop\LED_test\led_test\EWARM\led_test\Obj\stm32f1xx_hal_rcc_ex.o
#        d:\Users\zhan.xie\Desktop\LED_test\led_test\EWARM\led_test\Obj\stm32f1xx_hal_tim.o
#        d:\Users\zhan.xie\Desktop\LED_test\led_test\EWARM\led_test\Obj\stm32f1xx_hal_tim_ex.o
#        d:\Users\zhan.xie\Desktop\LED_test\led_test\EWARM\led_test\Obj\stm32f1xx_hal_uart.o
#        d:\Users\zhan.xie\Desktop\LED_test\led_test\EWARM\led_test\Obj\stm32f1xx_it.o
#        d:\Users\zhan.xie\Desktop\LED_test\led_test\EWARM\led_test\Obj\system_stm32f1xx.o
#        d:\Users\zhan.xie\Desktop\LED_test\led_test\EWARM\led_test\Obj\usart.o
#        --redirect _Printf=_PrintfFull --redirect _Scanf=_ScanfFull
#        --no_out_extension -o
#        d:\Users\zhan.xie\Desktop\LED_test\led_test\EWARM\led_test\Exe\led_test.out
#        --map
#        d:\Users\zhan.xie\Desktop\LED_test\led_test\EWARM\led_test\List\led_test.map
#        --config
#        d:\Users\zhan.xie\Desktop\LED_test\led_test\EWARM/stm32f103xe_flash.icf
#        --semihosting --entry __iar_program_start --vfe --text_out locale)
#
###############################################################################

*******************************************************************************
*** RUNTIME MODEL ATTRIBUTES
***

CppFlavor       = *
__SystemLibrary = DLib
__dlib_version  = 6


*******************************************************************************
*** HEAP SELECTION
***

The basic heap was selected because no calls to memory allocation
functions were found in the application outside of system library
functions, and there are calls to deallocation functions in the
application.


*******************************************************************************
*** PLACEMENT SUMMARY
***

"A0":  place at 0x800'0000 { ro section .intvec };
"P1":  place in [from 0x800'0000 to 0x807'ffff] { ro };
define block CSTACK with size = 1K, alignment = 8 { };
define block HEAP with size = 512, alignment = 8 { };
"P2":  place in [from 0x2000'0000 to 0x2000'ffff] {
          rw, block CSTACK, block HEAP };
initialize by copy { rw };

  Section            Kind         Address    Size  Object
  -------            ----         -------    ----  ------
"A0":                                       0x130
  .intvec            ro code   0x800'0000   0x130  startup_stm32f103xe.o [1]
                             - 0x800'0130   0x130

"P1":                                      0x16d0
  .text              ro code   0x800'0130   0x520  stm32f1xx_hal_uart.o [1]
  .text              ro code   0x800'0650   0x120  usart.o [1]
  .text              ro code   0x800'0770     0xc  stm32f1xx_hal.o [1]
  .text              ro code   0x800'077c   0x3a8  stm32f1xx_hal_dma.o [1]
  .text              ro code   0x800'0b24     0x2  stm32f1xx_hal_uart.o [1]
  .text              ro code   0x800'0b26     0x2  stm32f1xx_hal_uart.o [1]
  .text              ro code   0x800'0b28     0x2  stm32f1xx_hal_uart.o [1]
  .text              ro code   0x800'0b2a     0x2  stm32f1xx_hal_uart.o [1]
  .text              ro code   0x800'0b2c   0x4ca  stm32f1xx_hal_rcc.o [1]
  .text              ro code   0x800'0ff6    0x3a  zero_init3.o [3]
  .text              ro code   0x800'1030    0xec  main.o [1]
  .text              ro code   0x800'111c     0x6  ABImemclr4.o [3]
  .text              ro code   0x800'1124   0x1e4  stm32f1xx_hal_gpio.o [1]
  .text              ro code   0x800'1308    0xc4  stm32f1xx_hal_cortex.o [1]
  .text              ro code   0x800'13cc    0x40  stm32f1xx_hal.o [1]
  .text              ro code   0x800'140c    0x24  stm32f1xx_hal.o [1]
  .text              ro code   0x800'1430    0xbc  gpio.o [1]
  .text              ro code   0x800'14ec    0x40  dma.o [1]
  .text              ro code   0x800'152c    0x28  stm32f1xx_hal.o [1]
  .text              ro code   0x800'1554    0x32  ABImemset48.o [3]
  .text              ro code   0x800'1588    0x48  stm32f1xx_hal_msp.o [1]
  .text              ro code   0x800'15d0    0x34  stm32f1xx_it.o [1]
  .text              ro code   0x800'1604    0x10  stm32f1xx_hal.o [1]
  .text              ro code   0x800'1614    0x2c  copy_init3.o [3]
  .text              ro code   0x800'1640    0x28  data_init.o [3]
  .iar.init_table    const     0x800'1668    0x24  - Linker created -
  .text              ro code   0x800'168c    0x1e  cmain.o [3]
  .text              ro code   0x800'16aa     0x4  low_level_init.o [2]
  .text              ro code   0x800'16ae     0x4  exit.o [2]
  .text              ro code   0x800'16b4     0xa  cexit.o [3]
  .text              ro code   0x800'16c0    0x14  exit.o [4]
  .text              ro code   0x800'16d4    0x14  system_stm32f1xx.o [1]
  .text              ro code   0x800'16e8    0x10  startup_stm32f103xe.o [1]
  Initializer bytes  const     0x800'16f8    0x10  <for P2-1>
  .text              ro code   0x800'1708     0xc  cstartup_M.o [3]
  .rodata            const     0x800'1714     0x8  system_stm32f1xx.o [1]
  .text              ro code   0x800'171c     0x4  startup_stm32f103xe.o [1]
  .text              ro code   0x800'1720     0x4  startup_stm32f103xe.o [1]
  .text              ro code   0x800'1724     0x4  startup_stm32f103xe.o [1]
  .text              ro code   0x800'1728     0x4  startup_stm32f103xe.o [1]
  .text              ro code   0x800'172c     0x4  startup_stm32f103xe.o [1]
  .text              ro code   0x800'1730     0x4  startup_stm32f103xe.o [1]
  .text              ro code   0x800'1734     0x4  startup_stm32f103xe.o [1]
  .text              ro code   0x800'1738     0x4  startup_stm32f103xe.o [1]
  .text              ro code   0x800'173c     0x4  startup_stm32f103xe.o [1]
  .text              ro code   0x800'1740     0x4  startup_stm32f103xe.o [1]
  .text              ro code   0x800'1744     0x4  startup_stm32f103xe.o [1]
  .text              ro code   0x800'1748     0x4  startup_stm32f103xe.o [1]
  .text              ro code   0x800'174c     0x4  startup_stm32f103xe.o [1]
  .text              ro code   0x800'1750     0x4  startup_stm32f103xe.o [1]
  .text              ro code   0x800'1754     0x4  startup_stm32f103xe.o [1]
  .text              ro code   0x800'1758     0x4  startup_stm32f103xe.o [1]
  .text              ro code   0x800'175c     0x4  startup_stm32f103xe.o [1]
  .text              ro code   0x800'1760     0x4  startup_stm32f103xe.o [1]
  .text              ro code   0x800'1764     0x4  startup_stm32f103xe.o [1]
  .text              ro code   0x800'1768     0x4  startup_stm32f103xe.o [1]
  .text              ro code   0x800'176c     0x4  startup_stm32f103xe.o [1]
  .text              ro code   0x800'1770     0x4  startup_stm32f103xe.o [1]
  .text              ro code   0x800'1774     0x4  startup_stm32f103xe.o [1]
  .text              ro code   0x800'1778     0x4  startup_stm32f103xe.o [1]
  .text              ro code   0x800'177c     0x4  startup_stm32f103xe.o [1]
  .text              ro code   0x800'1780     0x4  startup_stm32f103xe.o [1]
  .text              ro code   0x800'1784     0x4  startup_stm32f103xe.o [1]
  .text              ro code   0x800'1788     0x4  startup_stm32f103xe.o [1]
  .text              ro code   0x800'178c     0x4  startup_stm32f103xe.o [1]
  .text              ro code   0x800'1790     0x4  startup_stm32f103xe.o [1]
  .text              ro code   0x800'1794     0x4  startup_stm32f103xe.o [1]
  .text              ro code   0x800'1798     0x4  startup_stm32f103xe.o [1]
  .text              ro code   0x800'179c     0x4  startup_stm32f103xe.o [1]
  .text              ro code   0x800'17a0     0x4  startup_stm32f103xe.o [1]
  .text              ro code   0x800'17a4     0x4  startup_stm32f103xe.o [1]
  .text              ro code   0x800'17a8     0x4  startup_stm32f103xe.o [1]
  .text              ro code   0x800'17ac     0x4  startup_stm32f103xe.o [1]
  .text              ro code   0x800'17b0     0x4  startup_stm32f103xe.o [1]
  .text              ro code   0x800'17b4     0x4  startup_stm32f103xe.o [1]
  .text              ro code   0x800'17b8     0x4  startup_stm32f103xe.o [1]
  .text              ro code   0x800'17bc     0x4  startup_stm32f103xe.o [1]
  .text              ro code   0x800'17c0     0x4  startup_stm32f103xe.o [1]
  .text              ro code   0x800'17c4     0x4  startup_stm32f103xe.o [1]
  .text              ro code   0x800'17c8     0x4  startup_stm32f103xe.o [1]
  .text              ro code   0x800'17cc     0x4  startup_stm32f103xe.o [1]
  .text              ro code   0x800'17d0     0x4  startup_stm32f103xe.o [1]
  .text              ro code   0x800'17d4     0x4  startup_stm32f103xe.o [1]
  .text              ro code   0x800'17d8     0x4  startup_stm32f103xe.o [1]
  .text              ro code   0x800'17dc     0x4  startup_stm32f103xe.o [1]
  .text              ro code   0x800'17e0     0x4  startup_stm32f103xe.o [1]
  .text              ro code   0x800'17e4     0x4  startup_stm32f103xe.o [1]
  .text              ro code   0x800'17e8     0x4  startup_stm32f103xe.o [1]
  .text              ro code   0x800'17ec     0x4  startup_stm32f103xe.o [1]
  .text              ro code   0x800'17f0     0x4  startup_stm32f103xe.o [1]
  .text              ro code   0x800'17f4     0x4  startup_stm32f103xe.o [1]
  .text              ro code   0x800'17f8     0x4  startup_stm32f103xe.o [1]
  .text              ro code   0x800'17fc     0x4  startup_stm32f103xe.o [1]
  .rodata            const     0x800'1800     0x0  zero_init3.o [3]
  .rodata            const     0x800'1800     0x0  copy_init3.o [3]
                             - 0x800'1800  0x16d0

"P2", part 1 of 3:                           0x10
  P2-1                        0x2000'0000    0x10  <Init block>
    .data            inited   0x2000'0000     0xc  stm32f1xx_hal.o [1]
    .data            inited   0x2000'000c     0x4  system_stm32f1xx.o [1]
                            - 0x2000'0010    0x10

"P2", part 2 of 3:                           0xcc
  .bss               zero     0x2000'0010    0x88  usart.o [1]
  .bss               zero     0x2000'0098    0x44  usart.o [1]
                            - 0x2000'00dc    0xcc

"P2", part 3 of 3:                          0x400
  CSTACK                      0x2000'00e0   0x400  <Block>
    CSTACK           uninit   0x2000'00e0   0x400  <Block tail>
                            - 0x2000'04e0   0x400

Unused ranges:

         From           To      Size
         ----           --      ----
   0x800'1800   0x807'ffff  0x7'e800
  0x2000'00dc  0x2000'00df       0x4
  0x2000'04e0  0x2000'ffff    0xfb20


*******************************************************************************
*** INIT TABLE
***

          Address      Size
          -------      ----
Zero (__iar_zero_init3)
    1 destination range, total size 0xcc:
          0x2000'0010  0xcc

Copy (__iar_copy_init3)
    1 source range, total size 0x10:
           0x800'16f8  0x10
    1 destination range, total size 0x10:
          0x2000'0000  0x10



*******************************************************************************
*** MODULE SUMMARY
***

    Module                  ro code  ro data  rw data
    ------                  -------  -------  -------
command line/config:
    -------------------------------------------------
    Total:

d:\Users\zhan.xie\Desktop\LED_test\led_test\EWARM\led_test\Obj: [1]
    dma.o                        64
    gpio.o                      188
    main.o                      236
    startup_stm32f103xe.o       548
    stm32f1xx_hal.o             168       12       12
    stm32f1xx_hal_cortex.o      196
    stm32f1xx_hal_dma.o         936
    stm32f1xx_hal_gpio.o        484
    stm32f1xx_hal_msp.o          72
    stm32f1xx_hal_rcc.o       1 226
    stm32f1xx_hal_uart.o      1 320
    stm32f1xx_it.o               52
    system_stm32f1xx.o           20       12        4
    usart.o                     288               204
    -------------------------------------------------
    Total:                    5 798       24      220

dl7M_tln.a: [2]
    exit.o                        4
    low_level_init.o              4
    -------------------------------------------------
    Total:                        8

rt7M_tl.a: [3]
    ABImemclr4.o                  6
    ABImemset48.o                50
    cexit.o                      10
    cmain.o                      30
    copy_init3.o                 44
    cstartup_M.o                 12
    data_init.o                  40
    zero_init3.o                 58
    -------------------------------------------------
    Total:                      250

shb_l.a: [4]
    exit.o                       20
    -------------------------------------------------
    Total:                       20

    Gaps                          8
    Linker created                        36    1 024
-----------------------------------------------------
    Grand Total:              6 084       60    1 244


*******************************************************************************
*** ENTRY LIST
***

Entry                       Address   Size  Type      Object
-----                       -------   ----  ----      ------
.iar.init_table$$Base    0x800'1668          --   Gb  - Linker created -
.iar.init_table$$Limit   0x800'168c          --   Gb  - Linker created -
?main                    0x800'168d         Code  Gb  cmain.o [3]
AHBPrescTable            0x800'16d8   0x10  Data  Gb  system_stm32f1xx.o [1]
APBPrescTable            0x800'1714    0x8  Data  Gb  system_stm32f1xx.o [1]
BusFault_Handler         0x800'15d7    0x2  Code  Gb  stm32f1xx_it.o [1]
CSTACK$$Base            0x2000'00e0          --   Gb  - Linker created -
CSTACK$$Limit           0x2000'04e0          --   Gb  - Linker created -
DMA1_Channel4_IRQHandler
                         0x800'15e5    0x6  Code  Gb  stm32f1xx_it.o [1]
DMA1_Channel5_IRQHandler
                         0x800'15eb    0x6  Code  Gb  stm32f1xx_it.o [1]
DebugMon_Handler         0x800'15dd    0x2  Code  Gb  stm32f1xx_it.o [1]
Error_Handler            0x800'1107    0x2  Code  Gb  main.o [1]
HAL_DMA_Abort            0x800'07fd   0x4a  Code  Gb  stm32f1xx_hal_dma.o [1]
HAL_DMA_Abort_IT         0x800'0847   0xdc  Code  Gb  stm32f1xx_hal_dma.o [1]
HAL_DMA_IRQHandler       0x800'0923  0x1bc  Code  Gb  stm32f1xx_hal_dma.o [1]
HAL_DMA_Init             0x800'077d   0x80  Code  Gb  stm32f1xx_hal_dma.o [1]
HAL_Delay                0x800'152d   0x28  Code  Wk  stm32f1xx_hal.o [1]
HAL_GPIO_Init            0x800'1125  0x194  Code  Gb  stm32f1xx_hal_gpio.o [1]
HAL_GPIO_ReadPin         0x800'12b9    0xc  Code  Gb  stm32f1xx_hal_gpio.o [1]
HAL_GPIO_WritePin        0x800'12c5    0x8  Code  Gb  stm32f1xx_hal_gpio.o [1]
HAL_GetTick              0x800'0771    0xc  Code  Wk  stm32f1xx_hal.o [1]
HAL_IncTick              0x800'1605   0x10  Code  Wk  stm32f1xx_hal.o [1]
HAL_Init                 0x800'140d   0x20  Code  Gb  stm32f1xx_hal.o [1]
HAL_InitTick             0x800'13cd   0x40  Code  Wk  stm32f1xx_hal.o [1]
HAL_MspInit              0x800'1589   0x48  Code  Gb  stm32f1xx_hal_msp.o [1]
HAL_NVIC_EnableIRQ       0x800'1377   0x16  Code  Gb  stm32f1xx_hal_cortex.o [1]
HAL_NVIC_SetPriority     0x800'133d   0x3a  Code  Gb  stm32f1xx_hal_cortex.o [1]
HAL_NVIC_SetPriorityGrouping
                         0x800'1323   0x1a  Code  Gb  stm32f1xx_hal_cortex.o [1]
HAL_RCC_ClockConfig      0x800'0e4d   0xf4  Code  Gb  stm32f1xx_hal_rcc.o [1]
HAL_RCC_GetPCLK1Freq     0x800'0f8f   0x10  Code  Gb  stm32f1xx_hal_rcc.o [1]
HAL_RCC_GetPCLK2Freq     0x800'0f9f    0xe  Code  Gb  stm32f1xx_hal_rcc.o [1]
HAL_RCC_GetSysClockFreq
                         0x800'0f55   0x3a  Code  Gb  stm32f1xx_hal_rcc.o [1]
HAL_RCC_GetSysClockFreq::aPLLMULFactorTable
                         0x800'0fe4   0x10  Data  Lc  stm32f1xx_hal_rcc.o [1]
HAL_RCC_GetSysClockFreq::aPredivFactorTable
                         0x800'0ff4    0x2  Data  Lc  stm32f1xx_hal_rcc.o [1]
HAL_RCC_OscConfig        0x800'0b2d  0x318  Code  Gb  stm32f1xx_hal_rcc.o [1]
HAL_SYSTICK_Config       0x800'138d   0x28  Code  Gb  stm32f1xx_hal_cortex.o [1]
HAL_UART_IRQHandler      0x800'0271  0x200  Code  Gb  stm32f1xx_hal_uart.o [1]
HAL_UART_Init            0x800'0131   0x1e  Code  Gb  stm32f1xx_hal_uart.o [1]
HAL_UART_MspInit         0x800'067f   0xd8  Code  Gb  usart.o [1]
HAL_UART_Transmit        0x800'01a7   0xb2  Code  Gb  stm32f1xx_hal_uart.o [1]
HardFault_Handler        0x800'15d3    0x2  Code  Gb  stm32f1xx_it.o [1]
MX_DMA_Init              0x800'14ed   0x40  Code  Gb  dma.o [1]
MX_GPIO_Init             0x800'1431   0x9a  Code  Gb  gpio.o [1]
MX_USART1_UART_Init      0x800'0651   0x2e  Code  Gb  usart.o [1]
MemManage_Handler        0x800'15d5    0x2  Code  Gb  stm32f1xx_it.o [1]
NMI_Handler              0x800'15d1    0x2  Code  Gb  stm32f1xx_it.o [1]
PendSV_Handler           0x800'15df    0x2  Code  Gb  stm32f1xx_it.o [1]
Region$$Table$$Base      0x800'1668          --   Gb  - Linker created -
Region$$Table$$Limit     0x800'168c          --   Gb  - Linker created -
SVC_Handler              0x800'15db    0x2  Code  Gb  stm32f1xx_it.o [1]
SysTick_Handler          0x800'15e1    0x4  Code  Gb  stm32f1xx_it.o [1]
SystemClock_Config       0x800'10b1   0x56  Code  Gb  main.o [1]
SystemCoreClock         0x2000'000c    0x4  Data  Gb  system_stm32f1xx.o [1]
SystemInit               0x800'16d5    0x2  Code  Gb  system_stm32f1xx.o [1]
UART_DMAAbortOnError     0x800'0511    0xc  Code  Lc  stm32f1xx_hal_uart.o [1]
UART_EndRxTransfer       0x800'04e1   0x30  Code  Lc  stm32f1xx_hal_uart.o [1]
UART_Receive_IT          0x800'051d   0xb6  Code  Lc  stm32f1xx_hal_uart.o [1]
UART_SetConfig           0x800'05d3   0x74  Code  Lc  stm32f1xx_hal_uart.o [1]
UART_WaitOnFlagUntilTimeout
                         0x800'047d   0x56  Code  Lc  stm32f1xx_hal_uart.o [1]
USART1_IRQHandler        0x800'15f1    0x6  Code  Gb  stm32f1xx_it.o [1]
UsageFault_Handler       0x800'15d9    0x2  Code  Gb  stm32f1xx_it.o [1]
__NVIC_SetPriority       0x800'1309   0x1a  Code  Lc  stm32f1xx_hal_cortex.o [1]
__aeabi_memclr4          0x800'111d         Code  Gb  ABImemclr4.o [3]
__cmain                  0x800'168d         Code  Gb  cmain.o [3]
__exit                   0x800'16c1   0x14  Code  Gb  exit.o [4]
__iar_Memset4_word       0x800'1555         Code  Gb  ABImemset48.o [3]
__iar_Memset8_word       0x800'1555         Code  Gb  ABImemset48.o [3]
__iar_copy_init3         0x800'1615   0x2c  Code  Gb  copy_init3.o [3]
__iar_data_init3         0x800'1641   0x28  Code  Gb  data_init.o [3]
__iar_program_start      0x800'1709         Code  Gb  cstartup_M.o [3]
__iar_zero_init3         0x800'0ff7   0x3a  Code  Gb  zero_init3.o [3]
__low_level_init         0x800'16ab    0x4  Code  Gb  low_level_init.o [2]
__vector_table           0x800'0000         Data  Gb  startup_stm32f103xe.o [1]
_call_main               0x800'1699         Code  Gb  cmain.o [3]
_exit                    0x800'16b5         Code  Gb  cexit.o [3]
_main                    0x800'16a7         Code  Gb  cmain.o [3]
exit                     0x800'16af    0x4  Code  Gb  exit.o [2]
hdma_usart1_rx          0x2000'0010   0x44  Data  Gb  usart.o [1]
hdma_usart1_tx          0x2000'0054   0x44  Data  Gb  usart.o [1]
huart1                  0x2000'0098   0x44  Data  Gb  usart.o [1]
main                     0x800'1031   0x72  Code  Gb  main.o [1]
uwTick                  0x2000'0004    0x4  Data  Gb  stm32f1xx_hal.o [1]
uwTickFreq              0x2000'0000    0x1  Data  Gb  stm32f1xx_hal.o [1]
uwTickPrio              0x2000'0008    0x4  Data  Gb  stm32f1xx_hal.o [1]


[1] = d:\Users\zhan.xie\Desktop\LED_test\led_test\EWARM\led_test\Obj
[2] = dl7M_tln.a
[3] = rt7M_tl.a
[4] = shb_l.a

  6 084 bytes of readonly  code memory
     60 bytes of readonly  data memory
  1 244 bytes of readwrite data memory

Errors: none
Warnings: none
